user: user: No books in system.

user: No books in system.

user: 17 books successfully added.

user: Bob Kane
Douglas Adams
Harper Lee
Homer
J.K. Rowling
J.R.R. Tolkien
Jamie Lee Curtis
T.S. Eliot
Virgil
W.E. Johns

user: To Kill a Mockingbird (Harper Lee)

user: The Hobbit (J.R.R. Tolkien)

user: No books by Me.

user: No books by Her.

user: Ending Library process.
