user: No books in system.

user: No books in system.

user: 17 books successfully added.

user: Comedy
Comic
Epic
Fantasy
Historical Fiction
Horror
Poetry
War

user: Biggles in the Battle (W.E. Johns)

user: The Hitchhiker's Guide to the Galaxy (Douglas Adams)
So Long and Thanks for all the Fish (Douglas Adams)

user: No books with genre haha.

user: No books with genre Hello World.

user: Ending Library process.
