user: No members in system.

user: Success.

user: Success.

user: Success.

user: 17 books successfully added.

user: Success.

user: Success.

user: Success.

user: Book is currently unavailable.

user: Success.

user: Book is currently unavailable.

user: No such book in system.

user: Ending Library process.
