user: Successfully added: To Kill a Mockingbird (Harper Lee).

user: Success.

user: Success.

user: To Kill a Mockingbird (Harper Lee)

user: 111111: To Kill a Mockingbird (Harper Lee, Historical Fiction)
Rented by: 100000.

user: No books available.

user: No books available.

user: Ending Library process.
