user: No books in system.

user: No books in system.

user: Successfully added: To Kill a Mockingbird (Harper Lee).

user: To Kill a Mockingbird (Harper Lee)

user: 111111: To Kill a Mockingbird (Harper Lee, Historical Fiction)
Currently available.

user: 16 books successfully added.

user: The Hobbit (J.R.R. Tolkien)

user: 111112: The Hobbit (J.R.R. Tolkien, Fantasy)
Currently available.

user: No such book in system.

user: No such book in system.

user: Ending Library process.
