user: No books in system.

user: No books in system.

user: No books in system.

user: No books in system.

user: Ending Library process.
