user: 17 books successfully added.

user: Success.

user: Success.

user: Success.

user: Success.

user: Success.

user: Success.

user: Success.

user: Accel World (Reki Kawahara)
Your Lie In April (Fuji TV)

user: Date A Live (Koshi Tachibana)

user: Success.

user: Success.

user: Accel World (Reki Kawahara)
Your Lie In April (Fuji TV)

user: Date A Live (Koshi Tachibana)

user: Ending Library process.
