user: Success.

user: 17 books successfully added.

user: Success.

user: Success.

user: 100000

user: Ending Library process.
