user: No members in system.

user: Success.

user: Success.

user: No books in system.

user: 17 books successfully added.

user: No common books.

user: Duplicate members provided.

user: Success.

user: Success.

user: Success.

user: Success.

user: To Kill a Mockingbird (Harper Lee)

user: Ending Library process.
