user: No members in system.

user: Success.

user: Success.

user: No books in system.

user: Successfully added: To Kill a Mockingbird (Harper Lee).

user: Unable to return book.

user: Success.

user: Unable to return book.

user: Success.

user: Ending Library process.
