user: No members in system.

user: Success.

user: 17 books successfully added.

user: No rental history for member.

user: No such member in system.

user: Success.

user: Success.

user: Success.

user: No rental history for member.

user: Success.

user: Success.

user: To Kill a Mockingbird (Harper Lee)
The Hobbit (J.R.R. Tolkien)

user: Success.

user: To Kill a Mockingbird (Harper Lee)
The Hobbit (J.R.R. Tolkien)
The Iliad (Homer)

user: Ending Library process.
