user: Successfully added: To Kill a Mockingbird (Harper Lee).

user: Successfully added: The Hobbit (J.R.R. Tolkien).

user: Success.

user: 15 books successfully added.

user: Success.

user: Ending Library process.
