user: Success.

user: Success.

user: Success.

user: Success.

user: 100000: Python

user: 100001: Java

user: 100002: Ruby

user: 100003: Atlas

user: No such member in system.

user: Ending Library process.
