user: No such book in system.

user: No such book in system.

user: Successfully added: To Kill a Mockingbird (Harper Lee).

user: Success.

user: Success.

user: Success.

user: Success.

user: 100000

user: 16 books successfully added.

user: No rental history.

user: Success.

user: Success.

user: Success.

user: Success.

user: 100000
100001

user: Ending Library process.
